// Jest Snapshot v1, https://goo.gl/fbAQLP

exports[`<Main /> renders without crashing 1`] = `
<div>
  <h1>
    Next Boilerplate
  </h1>
  <p>
    teste
  </p>
</div>
`;
